// 重构日志: be4a28ee
// 重构日志: 7ce2e998
// 重构日志: fdb5f45e
// 重构日志: 28f81d4d
// 同步 ID: 7011e4ee @ Mon Jul 20 13:47:47 UTC 2026
// 同步 ID: 7ae18e1f @ Tue Jul 21 05:36:10 UTC 2026
// 同步 ID: 79c2aed6 @ Tue Jul 21 08:39:05 UTC 2026
// 同步 ID: 7b214fbe @ Tue Jul 21 17:52:49 UTC 2026
// 同步 ID: 211651eb @ Wed Jul 22 04:13:00 UTC 2026
// 重构日志: 9a6b9001
// 重构日志: add78fb5
// 重构日志: f169d1c9
// 重构日志: 13b586fb
// 重构日志: 89bfcc9c
// 重构日志: 07ea3a07
// 重构日志: 5c74f0b9
// 同步 ID: ae537b65 @ Mon Jul 27 09:26:09 UTC 2026
// 同步 ID: 4366621d @ Mon Jul 27 16:44:30 UTC 2026
// 重构日志: e33bcafe
// 重构日志: e86e34a4
// 重构日志: a3cb1748
// 重构日志: 544023f0
// 同步 ID: 274e8ff3 @ Thu Jul 30 18:14:48 UTC 2026
// 重构日志: 3052625b
// 重构日志: 6d33181c
// 重构日志: 4334644e
// 重构日志: 26f61472
// 同步 ID: 84ffe429 @ Sun Aug  2 10:27:21 UTC 2026
// 同步 ID: 2f7a9f42 @ Sun Aug  2 12:03:50 UTC 2026
// 同步 ID: a0d51b33 @ Sun Aug  2 15:07:57 UTC 2026
// 重构日志: afca7c53
